// Jest Snapshot v1, https://goo.gl/fbAQLP

exports[`App renders correctly 1`] = `
<View
  style={
    Object {
      "alignItems": "center",
      "backgroundColor": "#F5FCFF",
      "flex": 1,
      "justifyContent": "center",
    }
  }
>
  <Text
    accessible={true}
    allowFontScaling={true}
    ellipsizeMode="tail"
    style={
      Object {
        "fontSize": 20,
        "margin": 10,
        "textAlign": "center",
      }
    }
  >
    Welcome fellow traveler!
  </Text>
  <Icon
    color="#9ad3f1"
    name="thumbs-up"
    size={64}
  />
  <Icon.Button
    backgroundColor="#3b5998"
    name="facebook"
  >
    Login with Facebook
  </Icon.Button>
</View>
`;
